// Jest Snapshot v1, https://goo.gl/fbAQLP

exports[`List renders correctly 1`] = `
<View
  0={
    Object {
      "children": Array [
        <CustomListItem
          avatarStyle={Array []}
          containerStyle={Array []}
          subtitleStyle={Array []}
          title="Hello"
          titleStyle={Array []}
    />,
        <CustomListItem
          avatarStyle={Array []}
          containerStyle={Array []}
          subtitleStyle={Array []}
          title="Second"
          titleStyle={Array []}
    />,
      ],
      "containerStyle": Array [
        Object {
          "backgroundColor": "#E9EBEE",
          "borderBottomWidth": 0,
          "borderTopColor": "#D0D1D5",
          "margin": 0,
          "marginTop": -7,
        },
      ],
    }
  }
  1={Array []}
  style={
    Array [
      Object {
        "backgroundColor": "#ffffff",
        "borderColor": "#bbb",
        "borderTopWidth": 1,
        "marginTop": 20,
      },
      undefined,
    ]
  }
/>
`;
